2026-05-13 21:27:39.08883 +0800 CST m=+0.015142801 write error: write /dev/stdout: The handle is invalid.
2026/05/13 21:27:39 MySQL 连接成功
2026/05/13 21:27:39 order consumers starting: workers=4 prefetch=5
2026-05-13 21:27:39.2724496 +0800 CST m=+0.198762401 write error: write /dev/stdout: The handle is invalid.
2026/05/13 21:27:39 order consumer worker 4 listening on order_queue
2026/05/13 21:27:39 order consumer worker 2 listening on order_queue
2026/05/13 21:27:39 order consumer worker 3 listening on order_queue
2026/05/13 21:27:39 order consumer worker 1 listening on order_queue
2026/05/13 21:32:39 数据定时更新触发
2026/05/13 21:32:39 本次数据定时更新结束 共修复0个库存缓存异常
2026/05/13 21:37:39 数据定时更新触发
2026/05/13 21:37:39 本次数据定时更新结束 共修复0个库存缓存异常
2026/05/13 21:42:39 数据定时更新触发
2026/05/13 21:42:39 发现库存超卖风险:商品[????(??)50],DB实际:996459,Redis记录:996959
2026/05/13 21:42:39 本次数据定时更新结束 共修复1个库存缓存异常
2026/05/13 21:47:39 数据定时更新触发
2026/05/13 21:47:39 本次数据定时更新结束 共修复0个库存缓存异常
2026/05/13 21:52:39 数据定时更新触发
2026/05/13 21:52:39 本次数据定时更新结束 共修复0个库存缓存异常
2026/05/13 21:57:39 数据定时更新触发
2026/05/13 21:57:39 本次数据定时更新结束 共修复0个库存缓存异常
2026/05/13 22:02:39 数据定时更新触发
2026/05/13 22:02:39 本次数据定时更新结束 共修复0个库存缓存异常
2026/05/13 22:07:39 数据定时更新触发
2026/05/13 22:07:39 本次数据定时更新结束 共修复0个库存缓存异常
2026/05/13 22:12:39 数据定时更新触发
2026/05/13 22:12:39 本次数据定时更新结束 共修复0个库存缓存异常
2026/05/13 22:17:39 数据定时更新触发
2026/05/13 22:17:39 本次数据定时更新结束 共修复0个库存缓存异常
2026/05/13 22:22:39 数据定时更新触发
2026/05/13 22:22:39 本次数据定时更新结束 共修复0个库存缓存异常
2026/05/13 22:27:39 数据定时更新触发
2026/05/13 22:27:39 本次数据定时更新结束 共修复0个库存缓存异常
2026/05/13 22:32:39 数据定时更新触发
2026/05/13 22:32:39 本次数据定时更新结束 共修复0个库存缓存异常
2026/05/13 22:37:39 数据定时更新触发
2026/05/13 22:37:39 本次数据定时更新结束 共修复0个库存缓存异常
2026/05/13 22:42:39 数据定时更新触发
2026/05/13 22:42:39 本次数据定时更新结束 共修复0个库存缓存异常
2026/05/13 22:47:39 数据定时更新触发
2026/05/13 22:47:39 本次数据定时更新结束 共修复0个库存缓存异常
2026/05/13 22:52:39 数据定时更新触发
2026/05/13 22:52:39 本次数据定时更新结束 共修复0个库存缓存异常
2026/05/13 22:57:39 数据定时更新触发
2026/05/13 22:57:39 本次数据定时更新结束 共修复0个库存缓存异常
